[engine] firefox 142.0.1
SIGNED_OUT / → 200 1341ms 
SIGNED_OUT /requests → 200 1134ms 
SIGNED_OUT /requests/new → 200 1131ms 
SIGNED_OUT /requests/[id] → 200 1144ms 
SIGNED_OUT /proposals → 200 1152ms 
SIGNED_OUT /proposals/[id] → 200 1131ms 
SIGNED_OUT /approvals → 200 1131ms 
SIGNED_OUT /accounts → 200 1189ms 
SIGNED_OUT /accounts/[id] → 200 1122ms 
SIGNED_OUT /contracts → 200 1182ms 
SIGNED_OUT /contracts/[id] → 200 1181ms 
SIGNED_OUT /intelligence → 200 1139ms 
SIGNED_OUT /intelligence/bids → 200 1125ms 
SIGNED_OUT /intelligence/extractions/[id] → 200 1117ms 
SIGNED_OUT /analytics → 200 1122ms 
SIGNED_OUT /catalog → 200 1213ms 
SIGNED_OUT /catalog/gudid → 200 1191ms 
SIGNED_OUT /crosses → 200 1186ms 
SIGNED_OUT /notifications → 200 1135ms 
SIGNED_OUT /settings → 200 1167ms 
SIGNED_OUT /settings/integrations → 200 1127ms 
SIGNED_OUT /settings/pricing → 200 1151ms 
SALES_REP / → 200 1313ms Competitive cross reference
SALES_REP /requests → 200 1208ms Cross-reference requests
SALES_REP /requests/new → 200 1224ms Competitive cross reference
SALES_REP /requests/[id] → 200 1240ms 
SALES_REP /proposals → 200 1270ms Commercial proposals
SALES_REP /proposals/[id] → 200 1482ms PRP-0002-v3 · Memorial Sloan K
SALES_REP /approvals → 200 1292ms Pricing approvals
SALES_REP /accounts → 200 1283ms Accounts & GPO membership
SALES_REP /accounts/[id] → 200 1260ms Hospital A — Mount Vernon Gene
SALES_REP /contracts → 200 1260ms Contracts & price context
SALES_REP /contracts/[id] → 200 1295ms MSK-LOCAL-2026 · MSK local mes
SALES_REP /intelligence → 200 1246ms Competitor pricing
SALES_REP /intelligence/bids → 200 1377ms Public bids and awards
SALES_REP /intelligence/extractions/[id] → 200 1252ms Extraction
SALES_REP /analytics → 200 1207ms 
SALES_REP /catalog → 200 1436ms Our catalog
SALES_REP /catalog/gudid → 200 1368ms GUDID library
SALES_REP /crosses → 200 1493ms Crosswalk
SALES_REP /notifications → 200 1360ms Notifications
SALES_REP /settings → 200 1305ms Settings
SALES_REP /settings/integrations → 200 1321ms Settings
SALES_REP /settings/pricing → 200 1270ms Pricing policies
REGIONAL_MANAGER / → 200 1303ms Competitive cross reference
REGIONAL_MANAGER /requests → 200 1231ms Cross-reference requests
REGIONAL_MANAGER /requests/new → 200 1217ms Competitive cross reference
REGIONAL_MANAGER /requests/[id] → 200 1243ms 
REGIONAL_MANAGER /proposals → 200 1245ms Commercial proposals
REGIONAL_MANAGER /proposals/[id] → 200 1371ms PRP-0002-v3 · Memorial Sloan K
REGIONAL_MANAGER /approvals → 200 1338ms Pricing approvals
REGIONAL_MANAGER /accounts → 200 1331ms Accounts & GPO membership
REGIONAL_MANAGER /accounts/[id] → 200 1298ms Hospital A — Mount Vernon Gene
REGIONAL_MANAGER /contracts → 200 1396ms Contracts & price context
REGIONAL_MANAGER /contracts/[id] → 200 1303ms MSK-LOCAL-2026 · MSK local mes
REGIONAL_MANAGER /intelligence → 200 1340ms Competitor pricing
REGIONAL_MANAGER /intelligence/bids → 200 1380ms Public bids and awards
REGIONAL_MANAGER /intelligence/extractions/[id] → 200 1346ms Extraction
REGIONAL_MANAGER /analytics → 200 1297ms Commercial feedback loop
REGIONAL_MANAGER /catalog → 200 1660ms Our catalog
REGIONAL_MANAGER /catalog/gudid → 200 1524ms GUDID library
REGIONAL_MANAGER /crosses → 200 1596ms Crosswalk
REGIONAL_MANAGER /notifications → 200 1395ms Notifications
REGIONAL_MANAGER /settings → 200 1289ms Settings
REGIONAL_MANAGER /settings/integrations → 200 1299ms Settings
REGIONAL_MANAGER /settings/pricing → 200 1325ms Pricing policies
CONTRACTING_MANAGER / → 200 1412ms Competitive cross reference
CONTRACTING_MANAGER /requests → 200 1339ms Cross-reference requests
CONTRACTING_MANAGER /requests/new → 200 1264ms Competitive cross reference
CONTRACTING_MANAGER /requests/[id] → 200 1915ms PROFILE Complete
CONTRACTING_MANAGER /proposals → 200 1336ms Commercial proposals
CONTRACTING_MANAGER /proposals/[id] → 200 1465ms PRP-0002-v3 · Memorial Sloan K
CONTRACTING_MANAGER /approvals → 200 1292ms Pricing approvals
CONTRACTING_MANAGER /accounts → 200 1258ms Accounts & GPO membership
CONTRACTING_MANAGER /accounts/[id] → 200 1289ms Hospital A — Mount Vernon Gene
CONTRACTING_MANAGER /contracts → 200 1333ms Contracts & price context
CONTRACTING_MANAGER /contracts/[id] → 200 1266ms MSK-LOCAL-2026 · MSK local mes
CONTRACTING_MANAGER /intelligence → 200 1245ms Competitor pricing
CONTRACTING_MANAGER /intelligence/bids → 200 1271ms Public bids and awards
CONTRACTING_MANAGER /intelligence/extractions/[id] → 200 1199ms Extraction
CONTRACTING_MANAGER /analytics → 200 1249ms Commercial feedback loop
CONTRACTING_MANAGER /catalog → 200 1370ms Our catalog
CONTRACTING_MANAGER /catalog/gudid → 200 1333ms GUDID library
CONTRACTING_MANAGER /crosses → 200 1418ms Crosswalk
CONTRACTING_MANAGER /notifications → 200 1271ms Notifications
CONTRACTING_MANAGER /settings → 200 1314ms Settings
CONTRACTING_MANAGER /settings/integrations → 200 1279ms Settings
CONTRACTING_MANAGER /settings/pricing → 200 1259ms Pricing policies
PRICING_ANALYST / → 200 1301ms Competitive cross reference
PRICING_ANALYST /requests → 200 1250ms Cross-reference requests
PRICING_ANALYST /requests/new → 200 1203ms Competitive cross reference
PRICING_ANALYST /requests/[id] → 200 1878ms PROFILE Complete
PRICING_ANALYST /proposals → 200 1342ms Commercial proposals
PRICING_ANALYST /proposals/[id] → 200 1326ms PRP-0002-v3 · Memorial Sloan K
PRICING_ANALYST /approvals → 200 1203ms Pricing approvals
PRICING_ANALYST /accounts → 200 1224ms Accounts & GPO membership
PRICING_ANALYST /accounts/[id] → 200 1241ms Hospital A — Mount Vernon Gene
PRICING_ANALYST /contracts → 200 1289ms Contracts & price context
PRICING_ANALYST /contracts/[id] → 200 1273ms MSK-LOCAL-2026 · MSK local mes
PRICING_ANALYST /intelligence → 200 1252ms Competitor pricing
PRICING_ANALYST /intelligence/bids → 200 1284ms Public bids and awards
PRICING_ANALYST /intelligence/extractions/[id] → 200 1247ms Extraction
PRICING_ANALYST /analytics → 200 1229ms Commercial feedback loop
PRICING_ANALYST /catalog → 200 1397ms Our catalog
PRICING_ANALYST /catalog/gudid → 200 1337ms GUDID library
PRICING_ANALYST /crosses → 200 1429ms Crosswalk
PRICING_ANALYST /notifications → 200 1245ms Notifications
PRICING_ANALYST /settings → 200 1309ms Settings
PRICING_ANALYST /settings/integrations → 200 1229ms Settings
PRICING_ANALYST /settings/pricing → 200 1214ms Pricing policies
PRICING_DIRECTOR / → 200 1356ms Competitive cross reference
PRICING_DIRECTOR /requests → 200 1308ms Cross-reference requests
PRICING_DIRECTOR /requests/new → 200 1286ms Competitive cross reference
PRICING_DIRECTOR /requests/[id] → 200 1760ms PROFILE Complete
PRICING_DIRECTOR /proposals → 200 1292ms Commercial proposals
PRICING_DIRECTOR /proposals/[id] → 200 1343ms PRP-0002-v3 · Memorial Sloan K
PRICING_DIRECTOR /approvals → 200 1250ms Pricing approvals
PRICING_DIRECTOR /accounts → 200 1299ms Accounts & GPO membership
PRICING_DIRECTOR /accounts/[id] → 200 1288ms Hospital A — Mount Vernon Gene
PRICING_DIRECTOR /contracts → 200 1324ms Contracts & price context
PRICING_DIRECTOR /contracts/[id] → 200 1301ms MSK-LOCAL-2026 · MSK local mes
PRICING_DIRECTOR /intelligence → 200 1283ms Competitor pricing
PRICING_DIRECTOR /intelligence/bids → 200 1247ms Public bids and awards
PRICING_DIRECTOR /intelligence/extractions/[id] → 200 1230ms Extraction
PRICING_DIRECTOR /analytics → 200 1243ms Commercial feedback loop
PRICING_DIRECTOR /catalog → 200 1428ms Our catalog
PRICING_DIRECTOR /catalog/gudid → 200 1311ms GUDID library
PRICING_DIRECTOR /crosses → 200 1387ms Crosswalk
PRICING_DIRECTOR /notifications → 200 1262ms Notifications
PRICING_DIRECTOR /settings → 200 1347ms Settings
PRICING_DIRECTOR /settings/integrations → 200 1249ms Integrations
PRICING_DIRECTOR /settings/pricing → 200 1221ms Pricing policies
PRICING_COMMITTEE / → 200 1237ms Competitive cross reference
PRICING_COMMITTEE /requests → 200 1176ms 
PRICING_COMMITTEE /requests/new → 200 1255ms 
PRICING_COMMITTEE /requests/[id] → 200 1224ms 
PRICING_COMMITTEE /proposals → 200 1226ms Commercial proposals
PRICING_COMMITTEE /proposals/[id] → 200 1308ms PRP-0002-v3 · Memorial Sloan K
PRICING_COMMITTEE /approvals → 200 1201ms Pricing approvals
PRICING_COMMITTEE /accounts → 200 1269ms Accounts & GPO membership
PRICING_COMMITTEE /accounts/[id] → 200 1221ms Hospital A — Mount Vernon Gene
PRICING_COMMITTEE /contracts → 200 1246ms Contracts & price context
PRICING_COMMITTEE /contracts/[id] → 200 1244ms MSK-LOCAL-2026 · MSK local mes
PRICING_COMMITTEE /intelligence → 200 1278ms Competitor pricing
PRICING_COMMITTEE /intelligence/bids → 200 1266ms Public bids and awards
PRICING_COMMITTEE /intelligence/extractions/[id] → 200 1184ms Extraction
PRICING_COMMITTEE /analytics → 200 1213ms Commercial feedback loop
PRICING_COMMITTEE /catalog → 200 1381ms Our catalog
PRICING_COMMITTEE /catalog/gudid → 200 1310ms GUDID library
PRICING_COMMITTEE /crosses → 200 1491ms Crosswalk
PRICING_COMMITTEE /notifications → 200 1255ms Notifications
PRICING_COMMITTEE /settings → 200 1248ms Settings
PRICING_COMMITTEE /settings/integrations → 200 1300ms Settings
PRICING_COMMITTEE /settings/pricing → 200 1214ms Pricing policies
PRODUCT_MARKETING / → 200 1314ms Competitive cross reference
PRODUCT_MARKETING /requests → 200 1269ms Cross-reference requests
PRODUCT_MARKETING /requests/new → 200 1206ms Competitive cross reference
PRODUCT_MARKETING /requests/[id] → 200 1778ms PROFILE Complete
PRODUCT_MARKETING /proposals → 200 1254ms Commercial proposals
PRODUCT_MARKETING /proposals/[id] → 200 1271ms PRP-0002-v3 · Memorial Sloan K
PRODUCT_MARKETING /approvals → 200 1212ms Pricing approvals
PRODUCT_MARKETING /accounts → 200 1370ms Accounts & GPO membership
PRODUCT_MARKETING /accounts/[id] → 200 1310ms Hospital A — Mount Vernon Gene
PRODUCT_MARKETING /contracts → 200 1327ms Contracts & price context
PRODUCT_MARKETING /contracts/[id] → 200 1336ms MSK-LOCAL-2026 · MSK local mes
PRODUCT_MARKETING /intelligence → 200 1234ms Competitor pricing
PRODUCT_MARKETING /intelligence/bids → 200 1236ms Public bids and awards
PRODUCT_MARKETING /intelligence/extractions/[id] → 200 1237ms Extraction
PRODUCT_MARKETING /analytics → 200 1248ms Commercial feedback loop
PRODUCT_MARKETING /catalog → 200 1386ms Our catalog
PRODUCT_MARKETING /catalog/gudid → 200 1363ms GUDID library
PRODUCT_MARKETING /crosses → 200 1470ms Crosswalk
PRODUCT_MARKETING /notifications → 200 1284ms Notifications
PRODUCT_MARKETING /settings → 200 1271ms Settings
PRODUCT_MARKETING /settings/integrations → 200 1336ms Settings
PRODUCT_MARKETING /settings/pricing → 200 1250ms Pricing policies
CLINICAL_REVIEWER / → 200 1214ms Competitive cross reference
CLINICAL_REVIEWER /requests → 200 1164ms 
CLINICAL_REVIEWER /requests/new → 200 1160ms 
CLINICAL_REVIEWER /requests/[id] → 200 1187ms 
CLINICAL_REVIEWER /proposals → 200 1143ms 
CLINICAL_REVIEWER /proposals/[id] → 200 1174ms 
CLINICAL_REVIEWER /approvals → 200 1209ms Pricing approvals
CLINICAL_REVIEWER /accounts → 200 1151ms 
CLINICAL_REVIEWER /accounts/[id] → 200 1154ms 
CLINICAL_REVIEWER /contracts → 200 1163ms 
CLINICAL_REVIEWER /contracts/[id] → 200 1184ms 
CLINICAL_REVIEWER /intelligence → 200 1186ms Competitor pricing
CLINICAL_REVIEWER /intelligence/bids → 200 1217ms Public bids and awards
CLINICAL_REVIEWER /intelligence/extractions/[id] → 200 1175ms Extraction
CLINICAL_REVIEWER /analytics → 200 1162ms 
CLINICAL_REVIEWER /catalog → 200 1349ms Our catalog
CLINICAL_REVIEWER /catalog/gudid → 200 1346ms GUDID library
CLINICAL_REVIEWER /crosses → 200 1479ms Crosswalk
CLINICAL_REVIEWER /notifications → 200 1262ms Notifications
CLINICAL_REVIEWER /settings → 200 1200ms Settings
CLINICAL_REVIEWER /settings/integrations → 200 1181ms Settings
CLINICAL_REVIEWER /settings/pricing → 200 1157ms Pricing policies
FINANCE / → 200 1244ms Competitive cross reference
FINANCE /requests → 200 1204ms 
FINANCE /requests/new → 200 1191ms 
FINANCE /requests/[id] → 200 1215ms 
FINANCE /proposals → 200 1285ms Commercial proposals
FINANCE /proposals/[id] → 200 1330ms PRP-0002-v3 · Memorial Sloan K
FINANCE /approvals → 200 1283ms Pricing approvals
FINANCE /accounts → 200 1333ms Accounts & GPO membership
FINANCE /accounts/[id] → 200 1239ms Hospital A — Mount Vernon Gene
FINANCE /contracts → 200 1247ms Contracts & price context
FINANCE /contracts/[id] → 200 1288ms MSK-LOCAL-2026 · MSK local mes
FINANCE /intelligence → 200 1199ms Competitor pricing
FINANCE /intelligence/bids → 200 1246ms Public bids and awards
FINANCE /intelligence/extractions/[id] → 200 1197ms Extraction
FINANCE /analytics → 200 1198ms Commercial feedback loop
FINANCE /catalog → 200 1445ms Our catalog
FINANCE /catalog/gudid → 200 1353ms GUDID library
FINANCE /crosses → 200 1491ms Crosswalk
FINANCE /notifications → 200 1194ms Notifications
FINANCE /settings → 200 1245ms Settings
FINANCE /settings/integrations → 200 1303ms Settings
FINANCE /settings/pricing → 200 1204ms Pricing policies
ADMIN / → 200 1298ms Competitive cross reference
ADMIN /requests → 200 1278ms Cross-reference requests
ADMIN /requests/new → 200 1246ms Competitive cross reference
ADMIN /requests/[id] → 200 1749ms PROFILE Complete
ADMIN /proposals → 200 1292ms Commercial proposals
ADMIN /proposals/[id] → 200 1400ms PRP-0002-v3 · Memorial Sloan K
ADMIN /approvals → 200 1255ms Pricing approvals
ADMIN /accounts → 200 1279ms Accounts & GPO membership
ADMIN /accounts/[id] → 200 1294ms Hospital A — Mount Vernon Gene
ADMIN /contracts → 200 1301ms Contracts & price context
ADMIN /contracts/[id] → 200 1317ms MSK-LOCAL-2026 · MSK local mes
ADMIN /intelligence → 200 1308ms Competitor pricing
ADMIN /intelligence/bids → 200 1246ms Public bids and awards
ADMIN /intelligence/extractions/[id] → 200 1216ms Extraction
ADMIN /analytics → 200 1222ms Commercial feedback loop
ADMIN /catalog → 200 1458ms Our catalog
ADMIN /catalog/gudid → 200 1317ms GUDID library
ADMIN /crosses → 200 1407ms Crosswalk
ADMIN /notifications → 200 1382ms Notifications
ADMIN /settings → 200 1511ms Settings
ADMIN /settings/integrations → 200 1284ms Integrations
ADMIN /settings/pricing → 200 1302ms Pricing policies
EXECUTIVE / → 200 1407ms Competitive cross reference
EXECUTIVE /requests → 200 1203ms 
EXECUTIVE /requests/new → 200 1201ms 
EXECUTIVE /requests/[id] → 200 1225ms 
EXECUTIVE /proposals → 200 1261ms Commercial proposals
EXECUTIVE /proposals/[id] → 200 1283ms PRP-0002-v3 · Memorial Sloan K
EXECUTIVE /approvals → 200 1242ms Pricing approvals
EXECUTIVE /accounts → 200 1323ms Accounts & GPO membership
EXECUTIVE /accounts/[id] → 200 1265ms Hospital A — Mount Vernon Gene
EXECUTIVE /contracts → 200 1291ms Contracts & price context
EXECUTIVE /contracts/[id] → 200 1407ms MSK-LOCAL-2026 · MSK local mes
EXECUTIVE /intelligence → 200 1296ms Competitor pricing
EXECUTIVE /intelligence/bids → 200 1278ms Public bids and awards
EXECUTIVE /intelligence/extractions/[id] → 200 1204ms Extraction
EXECUTIVE /analytics → 200 1220ms Commercial feedback loop
EXECUTIVE /catalog → 200 1439ms Our catalog
EXECUTIVE /catalog/gudid → 200 1309ms GUDID library
EXECUTIVE /crosses → 200 1431ms Crosswalk
EXECUTIVE /notifications → 200 1220ms Notifications
EXECUTIVE /settings → 200 1243ms Settings
EXECUTIVE /settings/integrations → 200 1261ms Settings
EXECUTIVE /settings/pricing → 200 1202ms Pricing policies
wrote docs/debug-runs/2026-09-24-full-application/evidence/ws3/out/firefox/matrix-final.csv (264 rows)
