[engine] firefox 142.0.1
PASS deep link: catalog filters applied from the URL
PASS deep link: crosses filter from the URL
PASS back: returns to the catalog deep link
PASS forward: returns to crosses
PASS refresh: filter survives a reload
PASS large data: /crosses renders the first 400 of the seeded crosses — {"rows":400,"ms":509}
PASS large data: sticky table header present
PASS missing resource requests: not-found message, no shimmer left — Request not found It may have been deleted, or it is outside your book of busine
PASS missing resource proposals: not-found message, no shimmer left — Proposal not found It may have been deleted, or it is outside your book of busin
PASS missing resource contracts: not-found message, no shimmer left — Contract not available not found
PASS missing resource accounts: not-found message, no shimmer left — Account not found
PASS missing resource intelligence: not-found message, no shimmer left — COMPETITIVE INTELLIGENCE Extraction  not found
PASS unknown route: 404 with the custom not-found page
PASS error boundary: app-level error.tsx compiled
PASS scope: every account is visible to the rep in this seed — skipped (no out-of-scope account)
PASS empty: clinical reviewer overview hides the request list and the New request button
PASS empty: /requests explains the missing permission
PASS error state: API 500 shows a message and no shimmer — Could not load the request simulated outage Back to requests
PASS session expiry: API answers 401 once the cookie is gone — {"status":401}
PASS session expiry: the page falls back to the sign-in screen
PASS no page errors so far — []
PASS stale tabs: last write wins on the server (600) — 600
PASS stale tabs: tab A's next edit is applied to the current server state and the screen reloads — {"shownBefore":"500","final":550}
PASS stale tabs: tab B shows its stale 600 before it regains focus
PASS stale tabs: tab B refreshes to the server's 550 on focus — 550
PASS stale tabs: every price edit is in the audit trail (3 changes; the no-op is not sent) — {"events":6}
26 checks, 0 failures
