22:57:45 soak start; health=ready
22:57:45 enqueued #1 cmug4u6dg0000667dhx5ia0ku
22:58:00 #1 final: complete 300 300
22:59:00 enqueued #2 cmug4vsjr01da667dbwqwsjy3
22:59:16 #2 final: complete 300 300
23:00:16 enqueued #3 cmug4xep102qk667dn0wvz5lq
23:00:31 SIGTERM web mid-run (#3 running: complete 300 300)
23:00:31 web stopped cleanly
23:00:32 web restarted; health=ready
23:00:33 #3 final: complete 300 300
23:01:33 enqueued #4 cmug4z2hr00009p7d4rkeet1a
23:01:49 #4 final: complete 300 300
23:02:49 enqueued #5 cmug50opa01da9p7dicg6sfnl
23:03:04 #5 final: complete 300 300
23:04:04 enqueued #6 cmug52awn02qk9p7d01ruv79t
23:04:19 restart postgres mid-run (#6: complete 300 300)
waiting for server to shut down.... done
server stopped
waiting for server to start.... done
server started
23:04:23 postgres back; health=ready
23:04:23 #6 final: complete 300 300
23:05:23 enqueued #7 cmug53zt6043v9p7ddecnhbj4
23:05:38 #7 final: complete 300 300
23:06:38 enqueued #8 cmug55lzf05h59p7dzjvx6g0t
23:06:54 #8 final: complete 300 300
23:07:54 enqueued #9 cmug5787m06uf9p7dml12afhb
23:08:09 #9 final: complete 300 300
23:09:09 enqueued #10 cmug58udh087p9p7d58igxh4z
23:09:25 #10 final: complete 300 300
23:10:25 enqueued #11 cmug5agjh09l09p7dt5mgdd3i
23:10:40 #11 final: complete 300 300
23:11:40 enqueued #12 cmug5c2sm0aya9p7d393lew66
23:11:55 #12 final: complete 300 300
23:12:56 enqueued #13 cmug5dozc0cbk9p7dsv71ioxc
23:13:11 #13 final: complete 300 300
23:14:11 enqueued #14 cmug5fb6c0dou9p7d2l73jglb
23:14:26 #14 final: complete 300 300
23:15:26 enqueued #15 cmug5gxcy0f259p7djkuini36
23:15:42 #15 final: complete 300 300
23:16:42 enqueued #16 cmug5ijhw0gff9p7dfkwith2w
23:16:57 #16 final: complete 300 300
23:17:57 enqueued #17 cmug5k5ou0hsp9p7dw8bd2ri6
23:18:12 #17 final: complete 300 300
23:19:13 enqueued #18 cmug5lrwn0j5z9p7dtl8g67et
23:19:28 #18 final: complete 300 300
23:20:28 enqueued #19 cmug5ne3v0kja9p7duevmrln3
23:20:43 #19 final: complete 300 300
23:21:43 enqueued #20 cmug5p0950lwk9p7dwyj0hgln
23:21:59 #20 final: complete 300 300
23:22:59 enqueued #21 cmug5qmer0n9u9p7d3uswzc2s
23:23:14 #21 final: complete 300 300
23:24:14 enqueued #22 cmug5s8mu0on49p7dtd9wyget
23:24:29 #22 final: complete 300 300
23:25:30 enqueued #23 cmug5tusu0q0f9p7d2ollipjw
23:25:45 #23 final: complete 300 300
23:26:45 enqueued #24 cmug5vgzg0rdp9p7d775mq50h
23:27:00 #24 final: complete 300 300
23:28:00 soak loop done after 24 runs; verifying
complete|24
0
0
request.run|completed|29
23:28:00 health=ready; done
